Error Log 
